// Jest Snapshot v1, https://goo.gl/fbAQLP

exports[`getRangesForDiff should find the ranges of each staged file 1`] = `
[
  Range {
    "exclusiveUpperBound": 9,
    "inclusiveLowerBound": 7,
  },
  Range {
    "exclusiveUpperBound": 6,
    "inclusiveLowerBound": 2,
  },
  Range {
    "exclusiveUpperBound": 1,
    "inclusiveLowerBound": 0,
  },
]
`;

exports[`getRangesForDiff should work for hunks which include only-removal-ranges 1`] = `
[
  Range {
    "exclusiveUpperBound": 4,
    "inclusiveLowerBound": 2,
  },
]
`;
