// Jest Snapshot v1, https://goo.gl/fbAQLP

exports[`exports exports expected runPrettier function 1`] = `[Function]`;
