// Jest Snapshot v1, https://goo.gl/fbAQLP

exports[`Range should throw TypeError when parameters are flipped or equal 1`] = `"inclusiveLowerBound must be strictly less than exclusiveUpperBound: 5 >= 2"`;
